# This one fails because it 'premiers' in 20 minutes or smoe shit
https://www.youtube.com/watch?v=mV-KACH85G8

# Blank lines

https://www.youtube.com/watch?v=TvI2ZBAXRBE
https://www.youtube.com/watch?v=Lyc8t4_4RK0
https://www.youtube.com/watch?v=EGkS5RHsFo0
https://www.youtube.com/watch?v=aNk-lIFq7ms
https://www.youtube.com/watch?v=7xdDfgjtbJg
https://www.youtube.com/watch?v=VD-6DRy_b6w
https://www.youtube.com/watch?v=86Q8SjeOGg4
https://www.youtube.com/watch?v=NpXyXoFlKo4
https://www.youtube.com/watch?v=JfJ9Dbjz6cs
https://www.youtube.com/watch?v=n3lvFEsf1O0
https://www.youtube.com/watch?v=oUbACkekJZ8
https://www.youtube.com/watch?v=JcjT7zgs6cs
https://www.youtube.com/watch?v=DxyQNgNKUf8
https://www.youtube.com/watch?v=WhTf2SLVZ2E
https://www.youtube.com/watch?v=x6suaLQaTXk
https://www.youtube.com/watch?v=Fn7paYGwDCQ
https://www.youtube.com/watch?v=8f0GU69fVNE
https://www.youtube.com/watch?v=oYUN-NgTQhg
https://www.youtube.com/watch?v=RV0nnLN9fzk
https://www.youtube.com/watch?v=Za-cArxOE-E
https://www.youtube.com/watch?v=CmHgD0E864I
https://www.youtube.com/watch?v=QHds0s4xB3A
https://www.youtube.com/watch?v=Vu1asmfDdv0
https://www.youtube.com/watch?v=nOkeziFQUqQ
https://www.youtube.com/watch?v=H7oY1sV5ykE
https://www.youtube.com/watch?v=a1YznzcWHi0
https://www.youtube.com/watch?v=CEZHfQOqQxQ
https://www.youtube.com/watch?v=NYx9HGDcdEs
https://www.youtube.com/watch?v=jIgdkBTy_vI
https://www.youtube.com/watch?v=acHG-lykoww
https://www.youtube.com/watch?v=d1qYdm1EeYs
https://www.youtube.com/watch?v=ijusv06q0sU
https://www.youtube.com/watch?v=KOVs5AarmUw
https://www.youtube.com/watch?v=1TjpO64iZ2Y
https://www.youtube.com/watch?v=s4PAu6zFXNc
https://www.youtube.com/watch?v=x1g5m2ztbsU
https://www.youtube.com/watch?v=-3bb2Iyc8VM
https://www.youtube.com/watch?v=0SPaGLLlBsM
https://www.youtube.com/watch?v=4H8cWv_F-2U
https://www.youtube.com/watch?v=mKsyeQu2OS8
https://www.youtube.com/watch?v=63wRx-KsbQ0
https://www.youtube.com/watch?v=tzK956HFBKs
https://www.youtube.com/watch?v=oqpmzmYFDLI
https://www.youtube.com/watch?v=pjSYzac_nfk
https://www.youtube.com/watch?v=ovgKT5oFUOo
https://www.youtube.com/watch?v=Hwtexq6M-UQ
https://www.youtube.com/watch?v=dW6Wgo6ivpg
https://www.youtube.com/watch?v=tmc8UelDPxM
https://www.youtube.com/watch?v=OX_NVaPsB3s
https://www.youtube.com/watch?v=1iILW0mzo58
https://www.youtube.com/watch?v=H8ZqpvUgOec
https://www.youtube.com/watch?v=4jyHrP7WZfg
https://www.youtube.com/watch?v=8hwSFBgXOLU
https://www.youtube.com/watch?v=i3erHtnunAk
https://www.youtube.com/watch?v=pq3LQa4os9I
https://www.youtube.com/watch?v=AzFgeXlIzAA

# Added 2021-11-11,
# by copy-pasting manually from https://www.youtube.com/c/UnderdogElectronicMusicSchool/videos,
# in hopefully chronological order:
https://www.youtube.com/watch?v=BSGqJH9xQqo
https://www.youtube.com/watch?v=nq11Nltd4SY
https://www.youtube.com/watch?v=bzofNOWGeHk
https://www.youtube.com/watch?v=uSz1Va2IoBE
https://www.youtube.com/watch?v=NyanXH5h2s4
https://www.youtube.com/watch?v=l2rijSJRCI4
https://www.youtube.com/watch?v=CcvxRSFrr3E
https://www.youtube.com/watch?v=4-jKXltaMQ0
https://www.youtube.com/watch?v=uF-M7U20s3s
https://www.youtube.com/watch?v=KeRUVIIHcxk
https://www.youtube.com/watch?v=BmBeh_6H1e8
https://www.youtube.com/watch?v=BmBeh_6H1e8
https://www.youtube.com/watch?v=s3TB0f0JD1U
https://www.youtube.com/watch?v=Lqz5ldEM1lc

# Added 2022-03-31:
https://www.youtube.com/watch?v=MAJz4-YZdio
https://www.youtube.com/watch?v=htNPVTfyNDY
https://www.youtube.com/watch?v=4v2jNITvnnU
https://www.youtube.com/watch?v=GaQeHPXUKPw
https://www.youtube.com/watch?v=WBTDtgjx0Pg
https://www.youtube.com/watch?v=8_LLiZ-HqLs
https://www.youtube.com/watch?v=Ua_tHVgudu0
https://www.youtube.com/watch?v=U8K5qypsjQM
https://www.youtube.com/watch?v=HcNMPuQfABE
https://www.youtube.com/watch?v=SaU95Z2zUzw
https://www.youtube.com/watch?v=rpFcbMPaCgg
https://www.youtube.com/watch?v=fP_LxMKPNfg
https://www.youtube.com/watch?v=esutdiG4be4
https://www.youtube.com/watch?v=RKw-d6A4GOc
https://www.youtube.com/watch?v=iSUwIhbzDWc
https://www.youtube.com/watch?v=vYWYwpwoxGM
https://www.youtube.com/watch?v=okhZ65RbTe8
https://www.youtube.com/watch?v=9R8gQuFXM0I
https://www.youtube.com/watch?v=2P_Opp4a6iY
https://www.youtube.com/watch?v=n9vajDyBsMo
https://www.youtube.com/watch?v=ppYfaPp6YLM

# Why your low end sounds amateur
https://youtu.be/MsT_yjp5kpI

# Random new Underdog vidis...
https://www.youtube.com/watch?v=kEqF7Fxtnec
